
> backend@1.0.0 start
> nest start

[32m[Nest] 13764  - [39m04/28/2026, 5:38:46 PM [32m    LOG[39m [38;5;3m[NestFactory] [39m[32mStarting Nest application...[39m
[32m[Nest] 13764  - [39m04/28/2026, 5:38:46 PM [32m    LOG[39m [38;5;3m[InstanceLoader] [39m[32mAppModule dependencies initialized[39m[38;5;3m +24ms[39m
[32m[Nest] 13764  - [39m04/28/2026, 5:38:46 PM [32m    LOG[39m [38;5;3m[InstanceLoader] [39m[32mPrismaModule dependencies initialized[39m[38;5;3m +6ms[39m
[32m[Nest] 13764  - [39m04/28/2026, 5:38:46 PM [32m    LOG[39m [38;5;3m[InstanceLoader] [39m[32mIndicatorModule dependencies initialized[39m[38;5;3m +1ms[39m
[32m[Nest] 13764  - [39m04/28/2026, 5:38:46 PM [32m    LOG[39m [38;5;3m[InstanceLoader] [39m[32mConfigHostModule dependencies initialized[39m[38;5;3m +4ms[39m
[32m[Nest] 13764  - [39m04/28/2026, 5:38:46 PM [32m    LOG[39m [38;5;3m[InstanceLoader] [39m[32mConfigModule dependencies initialized[39m[38;5;3m +1ms[39m
[32m[Nest] 13764  - [39m04/28/2026, 5:38:46 PM [32m    LOG[39m [38;5;3m[InstanceLoader] [39m[32mConfigModule dependencies initialized[39m[38;5;3m +0ms[39m
[32m[Nest] 13764  - [39m04/28/2026, 5:38:46 PM [32m    LOG[39m [38;5;3m[InstanceLoader] [39m[32mPredictionModule dependencies initialized[39m[38;5;3m +3ms[39m
[32m[Nest] 13764  - [39m04/28/2026, 5:38:46 PM [32m    LOG[39m [38;5;3m[InstanceLoader] [39m[32mUserModule dependencies initialized[39m[38;5;3m +1ms[39m
[32m[Nest] 13764  - [39m04/28/2026, 5:38:46 PM [32m    LOG[39m [38;5;3m[InstanceLoader] [39m[32mAlertModule dependencies initialized[39m[38;5;3m +1ms[39m
[32m[Nest] 13764  - [39m04/28/2026, 5:38:46 PM [32m    LOG[39m [38;5;3m[InstanceLoader] [39m[32mJwtModule dependencies initialized[39m[38;5;3m +0ms[39m
[32m[Nest] 13764  - [39m04/28/2026, 5:38:46 PM [32m    LOG[39m [38;5;3m[InstanceLoader] [39m[32mStockModule dependencies initialized[39m[38;5;3m +1ms[39m
[32m[Nest] 13764  - [39m04/28/2026, 5:38:46 PM [32m    LOG[39m [38;5;3m[InstanceLoader] [39m[32mWatchlistModule dependencies initialized[39m[38;5;3m +0ms[39m
[32m[Nest] 13764  - [39m04/28/2026, 5:38:46 PM [32m    LOG[39m [38;5;3m[InstanceLoader] [39m[32mAuthModule dependencies initialized[39m[38;5;3m +0ms[39m
[32m[Nest] 13764  - [39m04/28/2026, 5:38:46 PM [32m    LOG[39m [38;5;3m[InstanceLoader] [39m[32mAiModule dependencies initialized[39m[38;5;3m +1ms[39m
[32m[Nest] 13764  - [39m04/28/2026, 5:38:46 PM [32m    LOG[39m [38;5;3m[RoutesResolver] [39m[32mAuthController {/auth}:[39m[38;5;3m +5ms[39m
[32m[Nest] 13764  - [39m04/28/2026, 5:38:46 PM [32m    LOG[39m [38;5;3m[RouterExplorer] [39m[32mMapped {/auth/register, POST} route[39m[38;5;3m +2ms[39m
[32m[Nest] 13764  - [39m04/28/2026, 5:38:46 PM [32m    LOG[39m [38;5;3m[RouterExplorer] [39m[32mMapped {/auth/login, POST} route[39m[38;5;3m +1ms[39m
[32m[Nest] 13764  - [39m04/28/2026, 5:38:46 PM [32m    LOG[39m [38;5;3m[RouterExplorer] [39m[32mMapped {/auth/verify-otp, POST} route[39m[38;5;3m +0ms[39m
[32m[Nest] 13764  - [39m04/28/2026, 5:38:46 PM [32m    LOG[39m [38;5;3m[RoutesResolver] [39m[32mUserController {/users}:[39m[38;5;3m +1ms[39m
[32m[Nest] 13764  - [39m04/28/2026, 5:38:46 PM [32m    LOG[39m [38;5;3m[RouterExplorer] [39m[32mMapped {/users/profile, GET} route[39m[38;5;3m +0ms[39m
[32m[Nest] 13764  - [39m04/28/2026, 5:38:46 PM [32m    LOG[39m [38;5;3m[RoutesResolver] [39m[32mStockController {/stocks}:[39m[38;5;3m +1ms[39m
[32m[Nest] 13764  - [39m04/28/2026, 5:38:46 PM [32m    LOG[39m [38;5;3m[RouterExplorer] [39m[32mMapped {/stocks, GET} route[39m[38;5;3m +0ms[39m
[32m[Nest] 13764  - [39m04/28/2026, 5:38:46 PM [32m    LOG[39m [38;5;3m[RouterExplorer] [39m[32mMapped {/stocks/live/:symbol, GET} route[39m[38;5;3m +2ms[39m
[32m[Nest] 13764  - [39m04/28/2026, 5:38:46 PM [32m    LOG[39m [38;5;3m[RouterExplorer] [39m[32mMapped {/stocks/:symbol, GET} route[39m[38;5;3m +1ms[39m
[32m[Nest] 13764  - [39m04/28/2026, 5:38:46 PM [32m    LOG[39m [38;5;3m[RoutesResolver] [39m[32mPredictionController {/prediction}:[39m[38;5;3m +0ms[39m
[32m[Nest] 13764  - [39m04/28/2026, 5:38:46 PM [32m    LOG[39m [38;5;3m[RouterExplorer] [39m[32mMapped {/prediction/:symbol, GET} route[39m[38;5;3m +1ms[39m
[32m[Nest] 13764  - [39m04/28/2026, 5:38:46 PM [32m    LOG[39m [38;5;3m[RoutesResolver] [39m[32mWatchlistController {/watchlist}:[39m[38;5;3m +0ms[39m
[32m[Nest] 13764  - [39m04/28/2026, 5:38:46 PM [32m    LOG[39m [38;5;3m[RouterExplorer] [39m[32mMapped {/watchlist, GET} route[39m[38;5;3m +1ms[39m
[32m[Nest] 13764  - [39m04/28/2026, 5:38:46 PM [32m    LOG[39m [38;5;3m[RouterExplorer] [39m[32mMapped {/watchlist, POST} route[39m[38;5;3m +0ms[39m
[32m[Nest] 13764  - [39m04/28/2026, 5:38:46 PM [32m    LOG[39m [38;5;3m[RouterExplorer] [39m[32mMapped {/watchlist/:id, DELETE} route[39m[38;5;3m +1ms[39m
[32m[Nest] 13764  - [39m04/28/2026, 5:38:46 PM [32m    LOG[39m [38;5;3m[RoutesResolver] [39m[32mAlertController {/alerts}:[39m[38;5;3m +0ms[39m
[32m[Nest] 13764  - [39m04/28/2026, 5:38:46 PM [32m    LOG[39m [38;5;3m[RouterExplorer] [39m[32mMapped {/alerts, GET} route[39m[38;5;3m +0ms[39m
[32m[Nest] 13764  - [39m04/28/2026, 5:38:46 PM [32m    LOG[39m [38;5;3m[RouterExplorer] [39m[32mMapped {/alerts, POST} route[39m[38;5;3m +1ms[39m
[32m[Nest] 13764  - [39m04/28/2026, 5:38:46 PM [32m    LOG[39m [38;5;3m[RouterExplorer] [39m[32mMapped {/alerts/:id, DELETE} route[39m[38;5;3m +0ms[39m
[32m[Nest] 13764  - [39m04/28/2026, 5:38:46 PM [32m    LOG[39m [38;5;3m[RoutesResolver] [39m[32mAiController {/ai}:[39m[38;5;3m +0ms[39m
[32m[Nest] 13764  - [39m04/28/2026, 5:38:46 PM [32m    LOG[39m [38;5;3m[RouterExplorer] [39m[32mMapped {/ai/analyze-stock, POST} route[39m[38;5;3m +0ms[39m
[32m[Nest] 13764  - [39m04/28/2026, 5:38:46 PM [32m    LOG[39m [38;5;3m[RouterExplorer] [39m[32mMapped {/ai/chat, POST} route[39m[38;5;3m +1ms[39m
[32m[Nest] 13764  - [39m04/28/2026, 5:38:46 PM [32m    LOG[39m [38;5;3m[RouterExplorer] [39m[32mMapped {/ai/summarize-news, POST} route[39m[38;5;3m +0ms[39m
[32m[Nest] 13764  - [39m04/28/2026, 5:38:46 PM [32m    LOG[39m [38;5;3m[NestApplication] [39m[32mNest application successfully started[39m[38;5;3m +109ms[39m
SERVER STILL RUNNING
